[INFO] Scanning for projects...
[INFO] 
[INFO] -----------------------< br.com.appbit:backend >------------------------
[INFO] Building  0.0.1-SNAPSHOT
[INFO]   from pom.xml
[INFO] --------------------------------[ jar ]---------------------------------
[INFO] 
[INFO] --- resources:3.5.0:resources (default-resources) @ backend ---
[INFO] Copying 1 resource from src\main\resources to target\classes
[INFO] Copying 7 resources from src\main\resources to target\classes
[INFO] 
[INFO] --- compiler:3.15.0:compile (default-compile) @ backend ---
[INFO] Nothing to compile - all classes are up to date.
[INFO] 
[INFO] --- resources:3.5.0:testResources (default-testResources) @ backend ---
[INFO] Copying 3 resources from src\test\resources to target\test-classes
[INFO] 
[INFO] --- compiler:3.15.0:testCompile (default-testCompile) @ backend ---
[INFO] Recompiling the module because of changed source code.
[INFO] Compiling 2 source files with javac [debug parameters release 21] to target\test-classes
[INFO] -------------------------------------------------------------
[ERROR] COMPILATION ERROR : 
[INFO] -------------------------------------------------------------
[ERROR] /C:/Repositorio/S06-26-AB-Equipe_23/backend/src/test/java/br/com/appbit/appbit/services/MatchingServiceTest.java:[13,63] package org.springframework.boot.test.autoconfigure.web.servlet does not exist
[ERROR] /C:/Repositorio/S06-26-AB-Equipe_23/backend/src/test/java/br/com/appbit/appbit/services/MatchingServiceTest.java:[33,2] cannot find symbol
  symbol: class AutoConfigureMockMvc
[INFO] 2 errors 
[INFO] -------------------------------------------------------------
[INFO] ------------------------------------------------------------------------
[INFO] BUILD FAILURE
[INFO] ------------------------------------------------------------------------
[INFO] Total time:  5.891 s
[INFO] Finished at: 2026-06-30T13:05:48-03:00
[INFO] ------------------------------------------------------------------------
[ERROR] Failed to execute goal org.apache.maven.plugins:maven-compiler-plugin:3.15.0:testCompile (default-testCompile) on project backend: Compilation failure: Compilation failure: 
[ERROR] /C:/Repositorio/S06-26-AB-Equipe_23/backend/src/test/java/br/com/appbit/appbit/services/MatchingServiceTest.java:[13,63] package org.springframework.boot.test.autoconfigure.web.servlet does not exist
[ERROR] /C:/Repositorio/S06-26-AB-Equipe_23/backend/src/test/java/br/com/appbit/appbit/services/MatchingServiceTest.java:[33,2] cannot find symbol
[ERROR]   symbol: class AutoConfigureMockMvc
[ERROR] -> [Help 1]
[ERROR] 
[ERROR] To see the full stack trace of the errors, re-run Maven with the -e switch.
[ERROR] Re-run Maven using the -X switch to enable full debug logging.
[ERROR] 
[ERROR] For more information about the errors and possible solutions, please read the following articles:
[ERROR] [Help 1] http://cwiki.apache.org/confluence/display/MAVEN/MojoFailureException
